01-start                     quick 13 lines, 9 snapshots
01-start                     full  29 lines, 4 snapshots
02-add                       quick 14 lines, 10 snapshots
02-add                       full  88 lines, 34 snapshots
03-decide                    quick 25 lines, 8 snapshots
03-decide                    full  93 lines, 34 snapshots
04-add-task                  quick 18 lines, 8 snapshots
04-add-task                  full  67 lines, 18 snapshots
05-link                      quick 18 lines, 10 snapshots
05-link                      full  76 lines, 32 snapshots
06-remove                    quick 26 lines, 14 snapshots
06-remove                    full  80 lines, 46 snapshots
07-frontier                  quick 7 lines, 4 snapshots
07-frontier                  full  47 lines, 10 snapshots
08-why                       quick 28 lines, 6 snapshots
08-why                       full  114 lines, 12 snapshots
09-tasks                     quick 31 lines, 14 snapshots
09-tasks                     full  90 lines, 30 snapshots
10-find                      quick 16 lines, 6 snapshots
10-find                      full  68 lines, 20 snapshots
11-reopen                    quick 26 lines, 8 snapshots
11-reopen                    full  131 lines, 30 snapshots
12-check                     quick 13 lines, 10 snapshots
12-check                     full  62 lines, 28 snapshots
13-agent-loop                quick 53 lines, 22 snapshots
13-agent-loop                full  97 lines, 32 snapshots
14-fanout                    quick 45 lines, 24 snapshots
14-fanout                    full  176 lines, 26 snapshots
15-session                   quick 25 lines, 6 snapshots
15-session                   full  32 lines, 18 snapshots
16-integrate                 quick 27 lines, 12 snapshots
16-integrate                 full  31 lines, 12 snapshots
