
=== size 200, degree 6 (1500s left) ===
    {"vertices": 200, "edge_records": 215, "arcs": 1165, "active_edges": 194, "tasks": 100, "task_edges": 114, "store_bytes": 176804, "tasks_bytes": 67450, "roots": 11, "frontier": 8, "descendants_of_root": 178, "ancestors_of_sink": 191, "max_depth": 20}
    load.decisions                  1.306 ms  (median 1.314, n=7) 
    load.tasks                      0.696 ms  (median 0.702, n=7) 
    active_edge.first_id            0.000 ms  (median 0.000, n=7) id sorts first in the edge list
    active_edge.last_id             0.005 ms  (median 0.005, n=7) id sorts last
    children.mid                    0.003 ms  (median 0.003, n=7) 
    depends.mid                     0.019 ms  (median 0.019, n=7) full edge scan, no early exit
    history.mid                     0.005 ms  (median 0.005, n=7) 
    descendants.root                0.605 ms  (median 0.608, n=7) reaches 178 vertices
    ancestors.sink                  3.939 ms  (median 4.020, n=7) reaches 191 vertices
    depths.sink                     9.693 ms  (median 9.929, n=7) 
    path.root_to_sink               0.060 ms  (median 0.064, n=7) 
    roots                           5.060 ms  (median 5.353, n=7) 
    frontier                        0.028 ms  (median 0.028, n=7) 
    unpropagated                    5.004 ms  (median 5.082, n=7) 
    validate                       16.212 ms  (median 16.997, n=7) 
    render.decisions               12.611 ms  (median 12.886, n=7) 
    tasks.blocked_ids               0.615 ms  (median 0.635, n=7) 
    query.lenses_build              0.099 ms  (median 0.103, n=7) eager work done before any query runs
    find.prose_rare                17.963 ms  (median 18.731, n=7) ~1% of answers
    find.prose_common               9.117 ms  (median 9.386, n=7) most answers
    find.prose_absent              18.607 ms  (median 18.707, n=7) matches nothing
    find.prose_rare_active         14.911 ms  (median 14.958, n=7) --active: skips superseded prose
    find.prose_regex               19.102 ms  (median 19.393, n=7) 
    find.field_status               2.413 ms  (median 2.420, n=7) 
    find.field_date_range           2.174 ms  (median 2.204, n=7) 
    find.is_orphaned                4.440 ms  (median 4.525, n=7) depends+children per vertex
    find.is_terminal                0.772 ms  (median 0.788, n=7) 
    find.is_decidable               0.451 ms  (median 0.456, n=7) 
    find.under_root                 1.151 ms  (median 1.160, n=7) one memoised descendants walk
    find.above_sink                 4.473 ms  (median 4.577, n=7) 
    find.waits_mid                  4.363 ms  (median 4.433, n=7) depends() per vertex
    find.both_stores                9.823 ms  (median 10.297, n=7) decision + task lenses, as `dg find` runs it
    query.words                    21.695 ms  (median 22.249, n=7) the empty-result suggestion pass
    cli.import_only               111.858 ms  (median 123.324, n=2) interpreter + imports, no store
    cli.find_rare                 184.204 ms  (median 187.668, n=2) 
    cli.find_absent               210.955 ms  (median 211.340, n=2) empty result: adds the words() pass
    cli.find_under_root           172.800 ms  (median 177.342, n=2) 
    cli.find_waits                167.667 ms  (median 170.065, n=2) 
    cli.check                     211.276 ms  (median 213.984, n=2) 
    cli.brief                     228.250 ms  (median 229.225, n=2) 
    cli.node                      167.665 ms  (median 170.262, n=2) 
    cli.context                   181.439 ms  (median 181.810, n=2) 
    cli.render                    177.707 ms  (median 178.121, n=2) 

=== size 500, degree 6 (1495s left) ===
    {"vertices": 500, "edge_records": 554, "arcs": 2929, "active_edges": 485, "tasks": 250, "task_edges": 274, "store_bytes": 452463, "tasks_bytes": 166806, "roots": 29, "frontier": 20, "descendants_of_root": 435, "ancestors_of_sink": 463, "max_depth": 20}
    load.decisions                  3.514 ms  (median 3.682, n=7) 
    load.tasks                      1.808 ms  (median 1.815, n=7) 
    active_edge.first_id            0.000 ms  (median 0.000, n=7) id sorts first in the edge list
    active_edge.last_id             0.012 ms  (median 0.012, n=7) id sorts last
    children.mid                    0.007 ms  (median 0.007, n=7) 
    depends.mid                     0.048 ms  (median 0.049, n=7) full edge scan, no early exit
    history.mid                     0.013 ms  (median 0.013, n=7) 
    descendants.root                3.483 ms  (median 3.551, n=7) reaches 435 vertices
    ancestors.sink                 23.497 ms  (median 23.592, n=7) reaches 463 vertices
    depths.sink                    56.653 ms  (median 57.165, n=7) 
    path.root_to_sink               0.093 ms  (median 0.093, n=7) 
    roots                          24.873 ms  (median 25.287, n=7) 
    frontier                        0.055 ms  (median 0.056, n=7) 
    unpropagated                   24.703 ms  (median 24.996, n=7) 
    validate                      151.753 ms  (median 152.654, n=7) 
    render.decisions               64.584 ms  (median 64.880, n=7) 
    tasks.blocked_ids               3.559 ms  (median 3.664, n=7) 
    query.lenses_build              0.304 ms  (median 0.324, n=7) eager work done before any query runs
    find.prose_rare               110.718 ms  (median 111.125, n=7) ~1% of answers
    find.prose_common              51.033 ms  (median 51.140, n=7) most answers
    find.prose_absent             111.903 ms  (median 112.435, n=7) matches nothing
    find.prose_rare_active         89.835 ms  (median 90.270, n=7) --active: skips superseded prose
    find.prose_regex              114.830 ms  (median 115.952, n=7) 
    find.field_status              12.438 ms  (median 12.675, n=7) 
    find.field_date_range          11.893 ms  (median 11.959, n=7) 
    find.is_orphaned               26.985 ms  (median 29.323, n=7) depends+children per vertex
    find.is_terminal                3.904 ms  (median 4.172, n=7) 
    find.is_decidable               1.762 ms  (median 1.776, n=7) 
    find.under_root                 4.778 ms  (median 4.814, n=7) one memoised descendants walk
    find.above_sink                25.803 ms  (median 25.886, n=7) 
    find.waits_mid                 27.081 ms  (median 27.737, n=7) depends() per vertex
    find.both_stores               53.024 ms  (median 53.367, n=7) decision + task lenses, as `dg find` runs it
    query.words                   122.402 ms  (median 123.460, n=7) the empty-result suggestion pass

=== size 1000, degree 6 (1486s left) ===
    {"vertices": 1000, "edge_records": 1125, "arcs": 5875, "active_edges": 970, "tasks": 500, "task_edges": 570, "store_bytes": 920575, "tasks_bytes": 336137, "roots": 53, "frontier": 40, "descendants_of_root": 849, "ancestors_of_sink": 870, "max_depth": 20}
    load.decisions                  7.381 ms  (median 7.516, n=7) 
    load.tasks                      3.701 ms  (median 3.772, n=7) 
    active_edge.first_id            0.001 ms  (median 0.001, n=7) id sorts first in the edge list
    active_edge.last_id             0.028 ms  (median 0.028, n=7) id sorts last
    children.mid                    0.015 ms  (median 0.015, n=7) 
    depends.mid                     0.107 ms  (median 0.108, n=7) full edge scan, no early exit
    history.mid                     0.027 ms  (median 0.028, n=7) 
    descendants.root               14.383 ms  (median 14.647, n=7) reaches 849 vertices
    ancestors.sink                 92.537 ms  (median 92.870, n=7) reaches 870 vertices
    depths.sink                   224.417 ms  (median 229.129, n=6) 
    path.root_to_sink               0.389 ms  (median 0.392, n=7) 
    roots                         106.188 ms  (median 106.732, n=7) 
    frontier                        0.116 ms  (median 0.116, n=7) 
    unpropagated                  102.802 ms  (median 103.622, n=7) 
    validate                     1097.520 ms  (median 1104.616, n=2) 
    render.decisions              240.753 ms  (median 241.691, n=5) 
    tasks.blocked_ids              14.220 ms  (median 14.354, n=7) 
    query.lenses_build              0.953 ms  (median 0.961, n=7) eager work done before any query runs
    find.prose_rare               441.606 ms  (median 442.063, n=3) ~1% of answers
    find.prose_common             196.654 ms  (median 196.950, n=7) most answers
    find.prose_absent             447.749 ms  (median 449.480, n=3) matches nothing
    find.prose_rare_active        361.585 ms  (median 362.363, n=4) --active: skips superseded prose
    find.prose_regex              458.852 ms  (median 459.215, n=3) 
    find.field_status              47.640 ms  (median 47.728, n=7) 
    find.field_date_range          46.162 ms  (median 46.443, n=7) 
    find.is_orphaned              108.174 ms  (median 109.096, n=7) depends+children per vertex
    find.is_terminal               15.907 ms  (median 15.995, n=7) 
    find.is_decidable               6.219 ms  (median 6.221, n=7) 
    find.under_root                17.430 ms  (median 17.516, n=7) one memoised descendants walk
    find.above_sink                96.073 ms  (median 96.566, n=7) 
    find.waits_mid                108.565 ms  (median 108.814, n=7) depends() per vertex
    find.both_stores              204.849 ms  (median 206.006, n=6) decision + task lenses, as `dg find` runs it
    query.words                   481.998 ms  (median 483.374, n=3) the empty-result suggestion pass
    cli.import_only               126.247 ms  (median 130.289, n=2) interpreter + imports, no store
    cli.find_rare                 665.473 ms  (median 670.741, n=2) 
    cli.find_absent              1162.327 ms  (median 1163.894, n=2) empty result: adds the words() pass
    cli.find_under_root           201.008 ms  (median 202.412, n=2) 
    cli.find_waits                295.251 ms  (median 306.152, n=2) 
    cli.check                    1929.964 ms  (median 1937.588, n=2) 
    cli.brief                    3934.857 ms  (median 4022.994, n=2) 
    cli.node                      187.234 ms  (median 187.253, n=2) 
    cli.context                   458.792 ms  (median 460.904, n=2) 
    cli.render                    444.632 ms  (median 444.743, n=2) 

=== size 2500, degree 6 (1445s left) ===
    {"vertices": 2500, "edge_records": 2767, "arcs": 14642, "active_edges": 2425, "tasks": 1250, "task_edges": 1414, "store_bytes": 2264443, "tasks_bytes": 838762, "roots": 136, "frontier": 100, "descendants_of_root": 2001, "ancestors_of_sink": 2102, "max_depth": 20}
    load.decisions                 22.048 ms  (median 22.445, n=7) 
    load.tasks                     11.209 ms  (median 11.821, n=7) 
    active_edge.first_id            0.001 ms  (median 0.001, n=7) id sorts first in the edge list
    active_edge.last_id             0.067 ms  (median 0.073, n=7) id sorts last
    children.mid                    0.042 ms  (median 0.042, n=7) 
    depends.mid                     0.283 ms  (median 0.285, n=7) full edge scan, no early exit
    history.mid                     0.079 ms  (median 0.081, n=7) 
    descendants.root               92.750 ms  (median 93.177, n=7) reaches 2001 vertices
    ancestors.sink                603.873 ms  (median 604.012, n=2) reaches 2102 vertices
    depths.sink                  1450.630 ms  (median 1450.630, n=1) 
    path.root_to_sink               1.964 ms  (median 2.026, n=7) 
    roots                         713.721 ms  (median 713.764, n=2) 
    frontier                        0.320 ms  (median 0.323, n=7) 
    unpropagated                  687.346 ms  (median 687.728, n=2) 
    validate                    16332.011 ms  (median 16332.011, n=1) 
    render.decisions             1595.552 ms  (median 1595.552, n=1) 
    tasks.blocked_ids              99.857 ms  (median 100.443, n=7) 
    query.lenses_build              5.842 ms  (median 5.904, n=7) eager work done before any query runs
    find.prose_rare              3019.947 ms  (median 3019.947, n=1) ~1% of answers
    find.prose_common            1283.648 ms  (median 1283.648, n=1) most answers
    find.prose_absent            3028.531 ms  (median 3028.531, n=1) matches nothing
    find.prose_rare_active       2384.487 ms  (median 2384.487, n=1) --active: skips superseded prose
    find.prose_regex             2973.022 ms  (median 2973.022, n=1) 
    find.field_status             297.304 ms  (median 298.492, n=5) 
    find.field_date_range         291.692 ms  (median 292.282, n=5) 
    find.is_orphaned              717.275 ms  (median 718.554, n=2) depends+children per vertex
    find.is_terminal              102.352 ms  (median 102.403, n=7) 
    find.is_decidable              36.511 ms  (median 37.003, n=7) 
    find.under_root               102.282 ms  (median 102.870, n=7) one memoised descendants walk
    find.above_sink               608.027 ms  (median 610.676, n=2) 
    find.waits_mid                716.785 ms  (median 717.168, n=2) depends() per vertex
    find.both_stores             1245.074 ms  (median 1245.074, n=1) decision + task lenses, as `dg find` runs it
    query.words                  2983.236 ms  (median 2983.236, n=1) the empty-result suggestion pass

=== size 5000, degree 6 (1384s left) ===
    {"vertices": 5000, "edge_records": 5571, "arcs": 29321, "active_edges": 4850, "tasks": 2500, "task_edges": 2850, "store_bytes": 4554183, "tasks_bytes": 1681274, "roots": 268, "frontier": 200, "descendants_of_root": 3906, "ancestors_of_sink": 4171, "max_depth": 20}
    load.decisions                 48.734 ms  (median 52.162, n=7) 
    load.tasks                     23.923 ms  (median 25.468, n=7) 
    active_edge.first_id            0.003 ms  (median 0.003, n=7) id sorts first in the edge list
    active_edge.last_id             0.134 ms  (median 0.140, n=7) id sorts last
    children.mid                    0.075 ms  (median 0.075, n=7) 
    depends.mid                     0.548 ms  (median 0.551, n=7) full edge scan, no early exit
    history.mid                     0.149 ms  (median 0.151, n=7) 
    descendants.root              354.085 ms  (median 358.227, n=4) reaches 3906 vertices
    ancestors.sink               2328.747 ms  (median 2328.747, n=1) reaches 4171 vertices
    depths.sink                  5614.917 ms  (median 5614.917, n=1) 
    path.root_to_sink              16.333 ms  (median 16.394, n=7) 
    roots                        2775.608 ms  (median 2775.608, n=1) 
    frontier                        0.614 ms  (median 0.655, n=7) 
    unpropagated                 2661.717 ms  (median 2661.717, n=1) 
    validate                   SKIPPED (projected 65.3s > 60.0s)
    render.decisions             5942.432 ms  (median 5942.432, n=1) 
    tasks.blocked_ids             381.184 ms  (median 382.595, n=4) 
    query.lenses_build             21.164 ms  (median 21.481, n=7) eager work done before any query runs
    find.prose_rare             11212.166 ms  (median 11212.166, n=1) ~1% of answers
    find.prose_common            4825.902 ms  (median 4825.902, n=1) most answers
    find.prose_absent           11304.733 ms  (median 11304.733, n=1) matches nothing
    find.prose_rare_active       9044.277 ms  (median 9044.277, n=1) --active: skips superseded prose
    find.prose_regex            11382.096 ms  (median 11382.096, n=1) 
    find.field_status            1117.243 ms  (median 1120.599, n=2) 
    find.field_date_range        1112.638 ms  (median 1116.912, n=2) 
    find.is_orphaned             2788.016 ms  (median 2788.016, n=1) depends+children per vertex
    find.is_terminal              398.876 ms  (median 404.915, n=3) 
    find.is_decidable             136.854 ms  (median 138.414, n=7) 
    find.under_root               389.320 ms  (median 390.184, n=4) one memoised descendants walk
    find.above_sink              2421.441 ms  (median 2421.441, n=1) 
    find.waits_mid               2786.807 ms  (median 2786.807, n=1) depends() per vertex
    find.both_stores             4870.284 ms  (median 4870.284, n=1) decision + task lenses, as `dg find` runs it
    query.words                 11634.474 ms  (median 11634.474, n=1) the empty-result suggestion pass
    cli.import_only               126.898 ms  (median 130.798, n=2) interpreter + imports, no store
    cli.find_rare               11768.961 ms  (median 11821.931, n=2) 
    cli.find_absent             23313.637 ms  (median 23644.568, n=2) empty result: adds the words() pass
    cli.find_under_root           663.906 ms  (median 666.925, n=2) 
    cli.find_waits               3094.854 ms  (median 3095.296, n=2) 
    cli.check                  132509.335 ms  (median 132585.734, n=2) 
    cli.brief                  SKIPPED (projected 98.4s > 60.0s)
    cli.node                      276.560 ms  (median 277.028, n=2) 
    cli.context                  6120.136 ms  (median 6153.097, n=2) 
    cli.render                   6238.624 ms  (median 6249.839, n=2) 

=== size 10000, degree 6 (870s left) ===
    {"vertices": 10000, "edge_records": 11132, "arcs": 58632, "active_edges": 9700, "tasks": 5000, "task_edges": 5700, "store_bytes": 9105629, "tasks_bytes": 3361519, "roots": 546, "frontier": 400, "descendants_of_root": 7430, "ancestors_of_sink": 7885, "max_depth": 20}
    load.decisions                104.515 ms  (median 112.299, n=7) 
    load.tasks                     57.974 ms  (median 58.654, n=7) 
    active_edge.first_id            0.006 ms  (median 0.006, n=7) id sorts first in the edge list
    active_edge.last_id             0.285 ms  (median 0.294, n=7) id sorts last
    children.mid                    0.159 ms  (median 0.160, n=7) 
    depends.mid                     1.186 ms  (median 1.201, n=6) full edge scan, no early exit
    history.mid                     0.317 ms  (median 0.326, n=7) 
    descendants.root             1429.770 ms  (median 1429.770, n=1) reaches 7430 vertices
    ancestors.sink               9172.843 ms  (median 9172.843, n=1) reaches 7885 vertices
    depths.sink                 21973.421 ms  (median 21973.421, n=1) 
    path.root_to_sink              43.713 ms  (median 48.439, n=7) 
    roots                       11448.526 ms  (median 11448.526, n=1) 
    frontier                        1.228 ms  (median 1.336, n=7) 
    unpropagated                11115.245 ms  (median 11115.245, n=1) 
    validate                   SKIPPED (projected 261.3s > 60.0s)
    render.decisions            25123.180 ms  (median 25123.180, n=1) 
    tasks.blocked_ids            1568.937 ms  (median 1568.937, n=1) 
    query.lenses_build             83.225 ms  (median 84.237, n=7) eager work done before any query runs
    find.prose_rare             48539.609 ms  (median 48539.609, n=1) ~1% of answers
    find.prose_common           20584.831 ms  (median 20584.831, n=1) most answers
    find.prose_absent           48677.955 ms  (median 48677.955, n=1) matches nothing
    find.prose_rare_active      38512.180 ms  (median 38512.180, n=1) --active: skips superseded prose
    find.prose_regex            49220.845 ms  (median 49220.845, n=1) 
    find.field_status            4809.480 ms  (median 4809.480, n=1) 
    find.field_date_range        4805.148 ms  (median 4805.148, n=1) 
    find.is_orphaned            11832.724 ms  (median 11832.724, n=1) depends+children per vertex
    find.is_terminal             1657.804 ms  (median 1657.804, n=1) 
    find.is_decidable             563.492 ms  (median 566.795, n=3) 
    find.under_root              1555.373 ms  (median 1555.373, n=1) one memoised descendants walk
    find.above_sink              9401.555 ms  (median 9401.555, n=1) 
    find.waits_mid              11847.019 ms  (median 11847.019, n=1) depends() per vertex
    find.both_stores            21108.510 ms  (median 21108.510, n=1) decision + task lenses, as `dg find` runs it
    query.words                 49644.702 ms  (median 49644.702, n=1) the empty-result suggestion pass
    cli.import_only               133.750 ms  (median 134.134, n=2) interpreter + imports, no store
    cli.find_rare               48708.204 ms  (median 48717.512, n=2) 
    cli.find_absent            SKIPPED (projected 93.3s > 60.0s)
    cli.find_under_root          1908.561 ms  (median 1921.906, n=2) 
    cli.find_waits              11888.029 ms  (median 12120.217, n=2) 
    cli.check                  SKIPPED (projected 530.0s > 60.0s)
    cli.brief                  SKIPPED (projected 393.5s > 60.0s)
    cli.node                      397.691 ms  (median 405.185, n=2) 
    cli.context                 22822.943 ms  (median 22982.635, n=2) 
    cli.render                  25512.520 ms  (median 25521.304, n=2) 

=== density: size 1000, degree 2 (63s left) ===
    {"vertices": 1000, "edge_records": 1110, "arcs": 2060, "active_edges": 970, "tasks": 500, "task_edges": 570, "store_bytes": 839946, "tasks_bytes": 301575, "roots": 179, "frontier": 40, "descendants_of_root": 466, "ancestors_of_sink": 703, "max_depth": 19}
    density.d2.descendants.root      9.480 ms  (median 9.491, n=7) 2060 arcs
    density.d2.ancestors.sink      43.056 ms  (median 43.279, n=7) 2060 arcs
    density.d2.depends.mid          0.060 ms  (median 0.064, n=7) 2060 arcs
    density.d2.validate           475.376 ms  (median 475.914, n=3) 2060 arcs
    density.d2.find.prose_rare    489.771 ms  (median 493.452, n=3) 2060 arcs
    density.d2.find.waits_mid      62.370 ms  (median 63.416, n=7) 2060 arcs
[deadline] stopping before the density sweep

wrote benchmarks/results/raw.json and benchmarks/results/results.csv in 1442.0s
